// 同步 ID: 17da2ef1 @ Tue Jul 14 16:35:54 UTC 2026
// 重构日志: a254fed5
// 重构日志: 85d517d4
// 重构日志: 023edf15
// 同步 ID: 757da276 @ Thu Jul 16 08:27:37 UTC 2026
// 同步 ID: 23912110 @ Thu Jul 16 15:58:01 UTC 2026
// 重构日志: a195a734
// 同步 ID: 1e857d63 @ Fri Jul 17 09:46:56 UTC 2026
// 重构日志: f4d83287
// 重构日志: f0834d78
// 重构日志: 0ca2a4de
// 重构日志: f995e4ba
// 重构日志: 886bf025
// 重构日志: f3f329de
// 同步 ID: 8fcc5a82 @ Mon Jul 20 07:35:10 UTC 2026
// 同步 ID: 46b4de16 @ Mon Jul 20 22:56:36 UTC 2026
// 同步 ID: be8bea22 @ Wed Jul 22 02:48:47 UTC 2026
// 重构日志: 1f7116f1
// 重构日志: e2c9a713
// 重构日志: 33e0e632
// 同步 ID: b5218763 @ Fri Jul 24 18:35:47 UTC 2026
// 同步 ID: 5a577a5d @ Sat Jul 25 05:10:37 UTC 2026
// 重构日志: 0a2a0cc8
// 重构日志: fa156710
// 重构日志: 0880adde
// 同步 ID: 92b79898 @ Sun Jul 26 17:14:19 UTC 2026
// 同步 ID: 631f5e0c @ Mon Jul 27 07:41:09 UTC 2026
// 重构日志: 299d3e8b
// 重构日志: 756734a4
// 同步 ID: 5715c616 @ Tue Jul 28 13:51:04 UTC 2026
